{smcl}
{com}{sf}{ul off}{txt}{.-}
      name:  {res}<unnamed>
       {txt}log:  {res}C:\Users\welcome\Dropbox\My PC (LAPTOP-E0CLJDR9)\Desktop\Sir work\twins_study_table.smcl
  {txt}log type:  {res}smcl
 {txt}opened on:  {res}25 Jul 2022, 10:43:19

{com}. tab sex   Zygo_PP,col  chi2 exact
{err}no variables defined
{txt}{search r(111):r(111);}

{com}. use "C:\Users\welcome\Dropbox\My PC (LAPTOP-E0CLJDR9)\Desktop\Sir work\merge_twin_study_37.dta"

. tab sex   Zygo_PP,col  chi2 exact
{txt}
{c TLC}{hline 19}{c TRC}
{c |} Key{col 21}{c |}
{c LT}{hline 19}{c RT}
{c |}{space 5}{it:frequency}{col 21}{c |}
{c |}{space 1}{it:column percentage}{col 21}{c |}
{c BLC}{hline 19}{c BRC}

{text}Enumerating sample-space combinations:
{text}stage 3:{col 11}enumerations = 1
{text}stage 2:{col 11}enumerations = 1
{text}stage 1:{col 11}enumerations = 0

           {c |}        Zygo_PP
       sex {c |}        DZ         MZ {c |}     Total
{hline 11}{c +}{hline 22}{c +}{hline 10}
         1 {c |}{res}         4          7 {txt}{c |}{res}        11 
           {txt}{c |}{res}     22.22      36.84 {txt}{c |}{res}     29.73 
{txt}{hline 11}{c +}{hline 22}{c +}{hline 10}
         2 {c |}{res}         0         12 {txt}{c |}{res}        12 
           {txt}{c |}{res}      0.00      63.16 {txt}{c |}{res}     32.43 
{txt}{hline 11}{c +}{hline 22}{c +}{hline 10}
         3 {c |}{res}        14          0 {txt}{c |}{res}        14 
           {txt}{c |}{res}     77.78       0.00 {txt}{c |}{res}     37.84 
{txt}{hline 11}{c +}{hline 22}{c +}{hline 10}
     Total {c |}{res}        18         19 {txt}{c |}{res}        37 
           {txt}{c |}{res}    100.00     100.00 {txt}{c |}{res}    100.00 

{txt}          Pearson chi2({res}2{txt}) = {res} 26.8107  {txt} Pr = {res}0.000
{txt}           Fisher's exact =                 {res}0.000

{com}.  ttest mage, by(Zygo_PP)

{txt}Two-sample t test with equal variances
{hline 9}{c TT}{hline 68}
   Group{col 10}{c |}{col 16}Obs{col 27}Mean{col 35}Std. Err.{col 47}Std. Dev.{col 59}[95% Conf. Interval]
{hline 9}{c +}{hline 68}
      DZ {c |}{res}{col 12}     18{col 22} 26.22222{col 34} 1.024394{col 46} 4.346135{col 58} 24.06094{col 70}  28.3835
      {txt}MZ {c |}{res}{col 12}     19{col 22} 23.05263{col 34} 1.060932{col 46} 4.624496{col 58}  20.8237{col 70} 25.28157
{txt}{hline 9}{c +}{hline 68}
combined {c |}{res}{col 12}     37{col 22} 24.59459{col 34} .7744604{col 46} 4.710859{col 58} 23.02392{col 70} 26.16527
{txt}{hline 9}{c +}{hline 68}
    diff {c |}{res}{col 22} 3.169591{col 34} 1.477318{col 58} .1704747{col 70} 6.168707
{txt}{hline 9}{c BT}{hline 68}
    diff = mean({res}DZ{txt}) - mean({res}MZ{txt})                                    t = {res}  2.1455
{txt}Ho: diff = 0                                     degrees of freedom = {res}      35

    {txt}Ha: diff < 0                 Ha: diff != 0                 Ha: diff > 0
 Pr(T < t) = {res}0.9805         {txt}Pr(|T| > |t|) = {res}0.0389          {txt}Pr(T > t) = {res}0.0195

{com}.  ttest fage, by(Zygo_PP)

{txt}Two-sample t test with equal variances
{hline 9}{c TT}{hline 68}
   Group{col 10}{c |}{col 16}Obs{col 27}Mean{col 35}Std. Err.{col 47}Std. Dev.{col 59}[95% Conf. Interval]
{hline 9}{c +}{hline 68}
      DZ {c |}{res}{col 12}     18{col 22} 27.83333{col 34} 3.216837{col 46} 13.64788{col 58}  21.0464{col 70} 34.62027
      {txt}MZ {c |}{res}{col 12}     19{col 22} 24.57895{col 34} 3.159795{col 46} 13.77323{col 58} 17.94046{col 70} 31.21743
{txt}{hline 9}{c +}{hline 68}
combined {c |}{res}{col 12}     37{col 22} 26.16216{col 34}  2.23926{col 46} 13.62089{col 58} 21.62073{col 70} 30.70359
{txt}{hline 9}{c +}{hline 68}
    diff {c |}{res}{col 22} 3.254386{col 34} 4.510286{col 58}-5.901981{col 70} 12.41075
{txt}{hline 9}{c BT}{hline 68}
    diff = mean({res}DZ{txt}) - mean({res}MZ{txt})                                    t = {res}  0.7215
{txt}Ho: diff = 0                                     degrees of freedom = {res}      35

    {txt}Ha: diff < 0                 Ha: diff != 0                 Ha: diff > 0
 Pr(T < t) = {res}0.7623         {txt}Pr(|T| > |t|) = {res}0.4754          {txt}Pr(T > t) = {res}0.2377

{com}. tab BIRTHWT2, miss

   {txt}BIRTHWT2 {c |}      Freq.     Percent        Cum.
{hline 12}{c +}{hline 35}
        300 {c |}{res}          1        2.70        2.70
{txt}       1000 {c |}{res}          1        2.70        5.41
{txt}       1200 {c |}{res}          1        2.70        8.11
{txt}       1400 {c |}{res}          1        2.70       10.81
{txt}       1500 {c |}{res}          1        2.70       13.51
{txt}       1550 {c |}{res}          2        5.41       18.92
{txt}       1600 {c |}{res}          1        2.70       21.62
{txt}       1800 {c |}{res}          1        2.70       24.32
{txt}       2000 {c |}{res}          4       10.81       35.14
{txt}       2300 {c |}{res}          1        2.70       37.84
{txt}       2350 {c |}{res}          1        2.70       40.54
{txt}       2400 {c |}{res}          1        2.70       43.24
{txt}       2450 {c |}{res}          1        2.70       45.95
{txt}       2500 {c |}{res}          9       24.32       70.27
{txt}       2650 {c |}{res}          1        2.70       72.97
{txt}       2700 {c |}{res}          1        2.70       75.68
{txt}       2750 {c |}{res}          2        5.41       81.08
{txt}       3500 {c |}{res}          1        2.70       83.78
{txt}       7000 {c |}{res}          1        2.70       86.49
{txt}       8000 {c |}{res}          1        2.70       89.19
{txt}          . {c |}{res}          4       10.81      100.00
{txt}{hline 12}{c +}{hline 35}
      Total {c |}{res}         37      100.00

{com}. gen bw_kg=BIRTHWT2 /100
{err}variable {bf}bw_kg{sf} already defined
{txt}{search r(110):r(110);}

{com}.  replace bw_kg=round(bw_kg )
{txt}(0 real changes made)

{com}. ttest bw_kg , by(Zygo_PP )

{txt}Two-sample t test with equal variances
{hline 9}{c TT}{hline 68}
   Group{col 10}{c |}{col 16}Obs{col 27}Mean{col 35}Std. Err.{col 47}Std. Dev.{col 59}[95% Conf. Interval]
{hline 9}{c +}{hline 68}
      DZ {c |}{res}{col 12}     16{col 22}     2.25{col 34}      .25{col 46}        1{col 58} 1.717138{col 70} 2.782862
      {txt}MZ {c |}{res}{col 12}     17{col 22}        3{col 34} .4372373{col 46} 1.802776{col 58} 2.073098{col 70} 3.926902
{txt}{hline 9}{c +}{hline 68}
combined {c |}{res}{col 12}     33{col 22} 2.636364{col 34} .2604563{col 46} 1.496207{col 58} 2.105832{col 70} 3.166896
{txt}{hline 9}{c +}{hline 68}
    diff {c |}{res}{col 22}     -.75{col 34} .5120697{col 58}-1.794373{col 70}  .294373
{txt}{hline 9}{c BT}{hline 68}
    diff = mean({res}DZ{txt}) - mean({res}MZ{txt})                                    t = {res} -1.4646
{txt}Ho: diff = 0                                     degrees of freedom = {res}      31

    {txt}Ha: diff < 0                 Ha: diff != 0                 Ha: diff > 0
 Pr(T < t) = {res}0.0765         {txt}Pr(|T| > |t|) = {res}0.1531          {txt}Pr(T > t) = {res}0.9235

{com}.  tab lbw_kg    Zygo_PP, col chi2 exact
{txt}
{c TLC}{hline 19}{c TRC}
{c |} Key{col 21}{c |}
{c LT}{hline 19}{c RT}
{c |}{space 5}{it:frequency}{col 21}{c |}
{c |}{space 1}{it:column percentage}{col 21}{c |}
{c BLC}{hline 19}{c BRC}

           {c |}        Zygo_PP
    lbw_kg {c |}        DZ         MZ {c |}     Total
{hline 11}{c +}{hline 22}{c +}{hline 10}
         0 {c |}{res}         9         11 {txt}{c |}{res}        20 
           {txt}{c |}{res}     50.00      57.89 {txt}{c |}{res}     54.05 
{txt}{hline 11}{c +}{hline 22}{c +}{hline 10}
         1 {c |}{res}         9          8 {txt}{c |}{res}        17 
           {txt}{c |}{res}     50.00      42.11 {txt}{c |}{res}     45.95 
{txt}{hline 11}{c +}{hline 22}{c +}{hline 10}
     Total {c |}{res}        18         19 {txt}{c |}{res}        37 
           {txt}{c |}{res}    100.00     100.00 {txt}{c |}{res}    100.00 

{txt}          Pearson chi2({res}1{txt}) = {res}  0.2320  {txt} Pr = {res}0.630
{txt}           Fisher's exact =                 {res}0.746
{txt}   1-sided Fisher's exact =                 {res}0.440

{com}.  ttest ht, by(Zygo_PP)

{txt}Two-sample t test with equal variances
{hline 9}{c TT}{hline 68}
   Group{col 10}{c |}{col 16}Obs{col 27}Mean{col 35}Std. Err.{col 47}Std. Dev.{col 59}[95% Conf. Interval]
{hline 9}{c +}{hline 68}
      DZ {c |}{res}{col 12}     18{col 22} 126.9167{col 34} 13.85677{col 46} 58.78932{col 58} 97.68143{col 70} 156.1519
      {txt}MZ {c |}{res}{col 12}     19{col 22} 120.4737{col 34}  14.7163{col 46} 64.14685{col 58} 89.55589{col 70} 151.3915
{txt}{hline 9}{c +}{hline 68}
combined {c |}{res}{col 12}     37{col 22} 123.6081{col 34} 10.00021{col 46}  60.8289{col 58} 103.3267{col 70} 143.8895
{txt}{hline 9}{c +}{hline 68}
    diff {c |}{res}{col 22} 6.442982{col 34} 20.26229{col 58}-34.69166{col 70} 47.57762
{txt}{hline 9}{c BT}{hline 68}
    diff = mean({res}DZ{txt}) - mean({res}MZ{txt})                                    t = {res}  0.3180
{txt}Ho: diff = 0                                     degrees of freedom = {res}      35

    {txt}Ha: diff < 0                 Ha: diff != 0                 Ha: diff > 0
 Pr(T < t) = {res}0.6238         {txt}Pr(|T| > |t|) = {res}0.7524          {txt}Pr(T > t) = {res}0.3762

{com}. ttest wt, by(Zygo_PP)

{txt}Two-sample t test with equal variances
{hline 9}{c TT}{hline 68}
   Group{col 10}{c |}{col 16}Obs{col 27}Mean{col 35}Std. Err.{col 47}Std. Dev.{col 59}[95% Conf. Interval]
{hline 9}{c +}{hline 68}
      DZ {c |}{res}{col 12}     18{col 22} 42.33333{col 34} 4.926214{col 46} 20.90015{col 58} 31.93993{col 70} 52.72674
      {txt}MZ {c |}{res}{col 12}     19{col 22} 40.96316{col 34} 5.130127{col 46}  22.3617{col 58} 30.18516{col 70} 51.74115
{txt}{hline 9}{c +}{hline 68}
combined {c |}{res}{col 12}     37{col 22} 41.62973{col 34}   3.5136{col 46}  21.3724{col 58} 34.50382{col 70} 48.75564
{txt}{hline 9}{c +}{hline 68}
    diff {c |}{res}{col 22} 1.370175{col 34} 7.125724{col 58}-13.09581{col 70} 15.83616
{txt}{hline 9}{c BT}{hline 68}
    diff = mean({res}DZ{txt}) - mean({res}MZ{txt})                                    t = {res}  0.1923
{txt}Ho: diff = 0                                     degrees of freedom = {res}      35

    {txt}Ha: diff < 0                 Ha: diff != 0                 Ha: diff > 0
 Pr(T < t) = {res}0.5757         {txt}Pr(|T| > |t|) = {res}0.8486          {txt}Pr(T > t) = {res}0.4243

{com}. 
. 
.  reshape long AMPAMPL AXLENLE CORNEAL ANTCHAM KERATON  , i(studyno  ) j(twins)
{txt}(note: j = 1 2)

Data{col 36}wide{col 43}->{col 48}long
{hline 77}
Number of obs.                 {res}      37   {txt}->{res}      74
{txt}Number of variables            {res}     242   {txt}->{res}     238
{txt}j variable (2 values)                     ->   {res}twins
{txt}xij variables:
                      {res}AMPAMPL1 AMPAMPL2   {txt}->   {res}AMPAMPL
                      AXLENLE1 AXLENLE2   {txt}->   {res}AXLENLE
                      CORNEAL1 CORNEAL2   {txt}->   {res}CORNEAL
                      ANTCHAM1 ANTCHAM2   {txt}->   {res}ANTCHAM
                      KERATON1 KERATON2   {txt}->   {res}KERATON
{txt}{hline 77}

{com}. save "C:\Users\welcome\Dropbox\My PC (LAPTOP-E0CLJDR9)\Desktop\Sir work\reshape_74.dta"
{txt}file C:\Users\welcome\Dropbox\My PC (LAPTOP-E0CLJDR9)\Desktop\Sir work\reshape_74.dta saved

{com}. ed

. drop IOPLEIO1 IOPREIO2

. ed

.  ttest AMPAMPL , by(Zygo_PP )

{txt}Two-sample t test with equal variances
{hline 9}{c TT}{hline 68}
   Group{col 10}{c |}{col 16}Obs{col 27}Mean{col 35}Std. Err.{col 47}Std. Dev.{col 59}[95% Conf. Interval]
{hline 9}{c +}{hline 68}
      DZ {c |}{res}{col 12}     34{col 22} 8.705882{col 34} .1663781{col 46} .9701425{col 58} 8.367384{col 70} 9.044381
      {txt}MZ {c |}{res}{col 12}     36{col 22} 8.666667{col 34} .1642685{col 46} .9856108{col 58} 8.333184{col 70} 9.000149
{txt}{hline 9}{c +}{hline 68}
combined {c |}{res}{col 12}     70{col 22} 8.685714{col 34} .1160832{col 46} .9712215{col 58} 8.454135{col 70} 8.917294
{txt}{hline 9}{c +}{hline 68}
    diff {c |}{res}{col 22} .0392157{col 34} .2339144{col 58}-.4275532{col 70} .5059846
{txt}{hline 9}{c BT}{hline 68}
    diff = mean({res}DZ{txt}) - mean({res}MZ{txt})                                    t = {res}  0.1676
{txt}Ho: diff = 0                                     degrees of freedom = {res}      68

    {txt}Ha: diff < 0                 Ha: diff != 0                 Ha: diff > 0
 Pr(T < t) = {res}0.5663         {txt}Pr(|T| > |t|) = {res}0.8674          {txt}Pr(T > t) = {res}0.4337

{com}. ttest LENSTHIC  , by(Zygo_PP )

{txt}Two-sample t test with equal variances
{hline 9}{c TT}{hline 68}
   Group{col 10}{c |}{col 16}Obs{col 27}Mean{col 35}Std. Err.{col 47}Std. Dev.{col 59}[95% Conf. Interval]
{hline 9}{c +}{hline 68}
      DZ {c |}{res}{col 12}     36{col 22} 3.735556{col 34}  .061034{col 46}  .366204{col 58}  3.61165{col 70} 3.859461
      {txt}MZ {c |}{res}{col 12}     38{col 22} 3.583158{col 34} .0403542{col 46} .2487602{col 58} 3.501392{col 70} 3.664923
{txt}{hline 9}{c +}{hline 68}
combined {c |}{res}{col 12}     74{col 22} 3.657297{col 34} .0370433{col 46} .3186586{col 58}  3.58347{col 70} 3.731124
{txt}{hline 9}{c +}{hline 68}
    diff {c |}{res}{col 22} .1523977{col 34} .0724331{col 58} .0080049{col 70} .2967905
{txt}{hline 9}{c BT}{hline 68}
    diff = mean({res}DZ{txt}) - mean({res}MZ{txt})                                    t = {res}  2.1040
{txt}Ho: diff = 0                                     degrees of freedom = {res}      72

    {txt}Ha: diff < 0                 Ha: diff != 0                 Ha: diff > 0
 Pr(T < t) = {res}0.9806         {txt}Pr(|T| > |t|) = {res}0.0389          {txt}Pr(T > t) = {res}0.0194

{com}.  ttest AXLENLE , by(Zygo_PP )

{txt}Two-sample t test with equal variances
{hline 9}{c TT}{hline 68}
   Group{col 10}{c |}{col 16}Obs{col 27}Mean{col 35}Std. Err.{col 47}Std. Dev.{col 59}[95% Conf. Interval]
{hline 9}{c +}{hline 68}
      DZ {c |}{res}{col 12}     36{col 22} 23.16722{col 34}  .164691{col 46} .9881458{col 58} 22.83288{col 70} 23.50156
      {txt}MZ {c |}{res}{col 12}     38{col 22} 23.49658{col 34} .3217834{col 46} 1.983606{col 58} 22.84458{col 70} 24.14857
{txt}{hline 9}{c +}{hline 68}
combined {c |}{res}{col 12}     74{col 22} 23.33635{col 34} .1834327{col 46} 1.577948{col 58} 22.97077{col 70} 23.70193
{txt}{hline 9}{c +}{hline 68}
    diff {c |}{res}{col 22}-.3293567{col 34} .3674952{col 58}-1.061945{col 70} .4032315
{txt}{hline 9}{c BT}{hline 68}
    diff = mean({res}DZ{txt}) - mean({res}MZ{txt})                                    t = {res} -0.8962
{txt}Ho: diff = 0                                     degrees of freedom = {res}      72

    {txt}Ha: diff < 0                 Ha: diff != 0                 Ha: diff > 0
 Pr(T < t) = {res}0.1866         {txt}Pr(|T| > |t|) = {res}0.3731          {txt}Pr(T > t) = {res}0.8134

{com}. ttest CORNEAL , by(Zygo_PP )

{txt}Two-sample t test with equal variances
{hline 9}{c TT}{hline 68}
   Group{col 10}{c |}{col 16}Obs{col 27}Mean{col 35}Std. Err.{col 47}Std. Dev.{col 59}[95% Conf. Interval]
{hline 9}{c +}{hline 68}
      DZ {c |}{res}{col 12}     36{col 22} 544.0833{col 34} 4.539487{col 46} 27.23692{col 58} 534.8677{col 70}  553.299
      {txt}MZ {c |}{res}{col 12}     38{col 22} 530.2632{col 34} 6.486739{col 46} 39.98695{col 58} 517.1198{col 70} 543.4065
{txt}{hline 9}{c +}{hline 68}
combined {c |}{res}{col 12}     74{col 22} 536.9865{col 34} 4.051158{col 46} 34.84938{col 58} 528.9125{col 70} 545.0604
{txt}{hline 9}{c +}{hline 68}
    diff {c |}{res}{col 22} 13.82018{col 34}   7.9972{col 58}-2.121952{col 70}  29.7623
{txt}{hline 9}{c BT}{hline 68}
    diff = mean({res}DZ{txt}) - mean({res}MZ{txt})                                    t = {res}  1.7281
{txt}Ho: diff = 0                                     degrees of freedom = {res}      72

    {txt}Ha: diff < 0                 Ha: diff != 0                 Ha: diff > 0
 Pr(T < t) = {res}0.9559         {txt}Pr(|T| > |t|) = {res}0.0883          {txt}Pr(T > t) = {res}0.0441

{com}.  ttest  ANTCHAM , by(Zygo_PP )

{txt}Two-sample t test with equal variances
{hline 9}{c TT}{hline 68}
   Group{col 10}{c |}{col 16}Obs{col 27}Mean{col 35}Std. Err.{col 47}Std. Dev.{col 59}[95% Conf. Interval]
{hline 9}{c +}{hline 68}
      DZ {c |}{res}{col 12}     36{col 22} 3.598611{col 34} .0483065{col 46} .2898389{col 58} 3.500544{col 70} 3.696678
      {txt}MZ {c |}{res}{col 12}     38{col 22} 3.608158{col 34} .0314737{col 46} .1940167{col 58} 3.544386{col 70}  3.67193
{txt}{hline 9}{c +}{hline 68}
combined {c |}{res}{col 12}     74{col 22} 3.603514{col 34} .0283271{col 46} .2436786{col 58} 3.547058{col 70} 3.659969
{txt}{hline 9}{c +}{hline 68}
    diff {c |}{res}{col 22}-.0095468{col 34}  .057056{col 58}-.1232858{col 70} .1041922
{txt}{hline 9}{c BT}{hline 68}
    diff = mean({res}DZ{txt}) - mean({res}MZ{txt})                                    t = {res} -0.1673
{txt}Ho: diff = 0                                     degrees of freedom = {res}      72

    {txt}Ha: diff < 0                 Ha: diff != 0                 Ha: diff > 0
 Pr(T < t) = {res}0.4338         {txt}Pr(|T| > |t|) = {res}0.8676          {txt}Pr(T > t) = {res}0.5662

{com}. ttest  LENSTHIC  , by(Zygo_PP )

{txt}Two-sample t test with equal variances
{hline 9}{c TT}{hline 68}
   Group{col 10}{c |}{col 16}Obs{col 27}Mean{col 35}Std. Err.{col 47}Std. Dev.{col 59}[95% Conf. Interval]
{hline 9}{c +}{hline 68}
      DZ {c |}{res}{col 12}     36{col 22} 3.735556{col 34}  .061034{col 46}  .366204{col 58}  3.61165{col 70} 3.859461
      {txt}MZ {c |}{res}{col 12}     38{col 22} 3.583158{col 34} .0403542{col 46} .2487602{col 58} 3.501392{col 70} 3.664923
{txt}{hline 9}{c +}{hline 68}
combined {c |}{res}{col 12}     74{col 22} 3.657297{col 34} .0370433{col 46} .3186586{col 58}  3.58347{col 70} 3.731124
{txt}{hline 9}{c +}{hline 68}
    diff {c |}{res}{col 22} .1523977{col 34} .0724331{col 58} .0080049{col 70} .2967905
{txt}{hline 9}{c BT}{hline 68}
    diff = mean({res}DZ{txt}) - mean({res}MZ{txt})                                    t = {res}  2.1040
{txt}Ho: diff = 0                                     degrees of freedom = {res}      72

    {txt}Ha: diff < 0                 Ha: diff != 0                 Ha: diff > 0
 Pr(T < t) = {res}0.9806         {txt}Pr(|T| > |t|) = {res}0.0389          {txt}Pr(T > t) = {res}0.0194

{com}. ttest   KERATON , by(Zygo_PP )

{txt}Two-sample t test with equal variances
{hline 9}{c TT}{hline 68}
   Group{col 10}{c |}{col 16}Obs{col 27}Mean{col 35}Std. Err.{col 47}Std. Dev.{col 59}[95% Conf. Interval]
{hline 9}{c +}{hline 68}
      DZ {c |}{res}{col 12}     36{col 22} 42.73889{col 34} .2386512{col 46} 1.431907{col 58}  42.2544{col 70} 43.22338
      {txt}MZ {c |}{res}{col 12}     38{col 22} 44.48895{col 34} .2915939{col 46} 1.797505{col 58} 43.89812{col 70} 45.07977
{txt}{hline 9}{c +}{hline 68}
combined {c |}{res}{col 12}     74{col 22} 43.63757{col 34} .2142331{col 46} 1.842903{col 58}  43.2106{col 70} 44.06453
{txt}{hline 9}{c +}{hline 68}
    diff {c |}{res}{col 22}-1.750058{col 34} .3791194{col 58}-2.505819{col 70}-.9942978
{txt}{hline 9}{c BT}{hline 68}
    diff = mean({res}DZ{txt}) - mean({res}MZ{txt})                                    t = {res} -4.6161
{txt}Ho: diff = 0                                     degrees of freedom = {res}      72

    {txt}Ha: diff < 0                 Ha: diff != 0                 Ha: diff > 0
 Pr(T < t) = {res}0.0000         {txt}Pr(|T| > |t|) = {res}0.0000          {txt}Pr(T > t) = {res}1.0000

{com}. log close
      {txt}name:  {res}<unnamed>
       {txt}log:  {res}C:\Users\welcome\Dropbox\My PC (LAPTOP-E0CLJDR9)\Desktop\Sir work\twins_study_table.smcl
  {txt}log type:  {res}smcl
 {txt}closed on:  {res}25 Jul 2022, 11:06:51
{txt}{.-}
{smcl}
{txt}{sf}{ul off}{smcl}
{com}{sf}{ul off}{txt}{.-}
      name:  {res}<unnamed>
       {txt}log:  {res}C:\Users\welcome\Dropbox\My PC (LAPTOP-E0CLJDR9)\Desktop\Sir work\twins_study_table.smcl
  {txt}log type:  {res}smcl
 {txt}opened on:  {res}25 Jul 2022, 14:22:40

{com}. clear

. use "C:\Users\welcome\Dropbox\My PC (LAPTOP-E0CLJDR9)\Desktop\Sir work\merge_twin_study_37.dta", clear

. ed

. ttest LENSTHIC , by(Zygo_PP )

{txt}Two-sample t test with equal variances
{hline 9}{c TT}{hline 68}
   Group{col 10}{c |}{col 16}Obs{col 27}Mean{col 35}Std. Err.{col 47}Std. Dev.{col 59}[95% Conf. Interval]
{hline 9}{c +}{hline 68}
      DZ {c |}{res}{col 12}     18{col 22} 3.735556{col 34} .0875753{col 46} .3715504{col 58} 3.550788{col 70} 3.920323
      {txt}MZ {c |}{res}{col 12}     19{col 22} 3.583158{col 34} .0578567{col 46} .2521916{col 58} 3.461605{col 70}  3.70471
{txt}{hline 9}{c +}{hline 68}
combined {c |}{res}{col 12}     37{col 22} 3.657297{col 34} .0527497{col 46} .3208638{col 58} 3.550316{col 70} 3.764279
{txt}{hline 9}{c +}{hline 68}
    diff {c |}{res}{col 22} .1523977{col 34}  .103889{col 58}-.0585082{col 70} .3633035
{txt}{hline 9}{c BT}{hline 68}
    diff = mean({res}DZ{txt}) - mean({res}MZ{txt})                                    t = {res}  1.4669
{txt}Ho: diff = 0                                     degrees of freedom = {res}      35

    {txt}Ha: diff < 0                 Ha: diff != 0                 Ha: diff > 0
 Pr(T < t) = {res}0.9243         {txt}Pr(|T| > |t|) = {res}0.1513          {txt}Pr(T > t) = {res}0.0757

{com}. ed LENSTHIC

. ed

. ed E*

. ed IOP*

. ren IOPRE1IO IOPREIO1
{res}
{com}. ren IOPRE2IO IOPREIO2
{res}
{com}. ren IOPLE1IO IOPLEIO1
{res}
{com}. ren IOPLE2IO IOPLEIO2
{res}
{com}. save "C:\Users\welcome\Dropbox\My PC (LAPTOP-E0CLJDR9)\Desktop\Sir work\merge_twin_study_37.dta", replace
{txt}file C:\Users\welcome\Dropbox\My PC (LAPTOP-E0CLJDR9)\Desktop\Sir work\merge_twin_study_37.dta saved

{com}. reshape long uisng  IOPREIO  IOPLEIO, i(studyno ) j(twins)
{txt}(note: j = 1 2)
(note: uisng1 not found)
(note: uisng2 not found)

Data{col 36}wide{col 43}->{col 48}long
{hline 77}
Number of obs.                 {res}      37   {txt}->{res}      74
{txt}Number of variables            {res}     240   {txt}->{res}     240
{txt}j variable (2 values)                     ->   {res}twins
{txt}xij variables:
                          {res}uisng1 uisng2   {txt}->   {res}uisng
                      IOPREIO1 IOPREIO2   {txt}->   {res}IOPREIO
                      IOPLEIO1 IOPLEIO2   {txt}->   {res}IOPLEIO
{txt}{hline 77}

{com}. ed IOP*

. ttest IOPLEIO , by(Zygo_PP )

{txt}Two-sample t test with equal variances
{hline 9}{c TT}{hline 68}
   Group{col 10}{c |}{col 16}Obs{col 27}Mean{col 35}Std. Err.{col 47}Std. Dev.{col 59}[95% Conf. Interval]
{hline 9}{c +}{hline 68}
      DZ {c |}{res}{col 12}     33{col 22} 12.66667{col 34} .4839599{col 46} 2.780138{col 58} 11.68087{col 70} 13.65246
      {txt}MZ {c |}{res}{col 12}     34{col 22} 13.23529{col 34}   .53581{col 46} 3.124282{col 58} 12.14518{col 70} 14.32541
{txt}{hline 9}{c +}{hline 68}
combined {c |}{res}{col 12}     67{col 22} 12.95522{col 34} .3605569{col 46} 2.951285{col 58} 12.23535{col 70}  13.6751
{txt}{hline 9}{c +}{hline 68}
    diff {c |}{res}{col 22}-.5686275{col 34}   .72329{col 58}-2.013137{col 70} .8758824
{txt}{hline 9}{c BT}{hline 68}
    diff = mean({res}DZ{txt}) - mean({res}MZ{txt})                                    t = {res} -0.7862
{txt}Ho: diff = 0                                     degrees of freedom = {res}      65

    {txt}Ha: diff < 0                 Ha: diff != 0                 Ha: diff > 0
 Pr(T < t) = {res}0.2173         {txt}Pr(|T| > |t|) = {res}0.4346          {txt}Pr(T > t) = {res}0.7827

{com}. tab IOPLEIO

    {txt}IOPLEIO {c |}      Freq.     Percent        Cum.
{hline 12}{c +}{hline 35}
          7 {c |}{res}          1        1.49        1.49
{txt}          8 {c |}{res}          1        1.49        2.99
{txt}          9 {c |}{res}          2        2.99        5.97
{txt}         10 {c |}{res}         15       22.39       28.36
{txt}         11 {c |}{res}          1        1.49       29.85
{txt}         12 {c |}{res}         13       19.40       49.25
{txt}         13 {c |}{res}          5        7.46       56.72
{txt}         14 {c |}{res}         14       20.90       77.61
{txt}         15 {c |}{res}          2        2.99       80.60
{txt}         16 {c |}{res}          7       10.45       91.04
{txt}         17 {c |}{res}          1        1.49       92.54
{txt}         18 {c |}{res}          2        2.99       95.52
{txt}         20 {c |}{res}          2        2.99       98.51
{txt}         22 {c |}{res}          1        1.49      100.00
{txt}{hline 12}{c +}{hline 35}
      Total {c |}{res}         67      100.00

{com}. tab IOPLEIO, chi2
{err}option {bf:chi2} not allowed
{txt}{search r(198):r(198);}

{com}. ttest IOPREIO  , by(Zygo_PP )

{txt}Two-sample t test with equal variances
{hline 9}{c TT}{hline 68}
   Group{col 10}{c |}{col 16}Obs{col 27}Mean{col 35}Std. Err.{col 47}Std. Dev.{col 59}[95% Conf. Interval]
{hline 9}{c +}{hline 68}
      DZ {c |}{res}{col 12}     33{col 22} 12.90909{col 34} .5100573{col 46} 2.930056{col 58} 11.87014{col 70} 13.94804
      {txt}MZ {c |}{res}{col 12}     36{col 22} 13.27778{col 34} .5294668{col 46} 3.176801{col 58}  12.2029{col 70} 14.35265
{txt}{hline 9}{c +}{hline 68}
combined {c |}{res}{col 12}     69{col 22} 13.10145{col 34} .3665145{col 46} 3.044498{col 58} 12.37008{col 70} 13.83282
{txt}{hline 9}{c +}{hline 68}
    diff {c |}{res}{col 22}-.3686869{col 34} .7378045{col 58}-1.841351{col 70} 1.103977
{txt}{hline 9}{c BT}{hline 68}
    diff = mean({res}DZ{txt}) - mean({res}MZ{txt})                                    t = {res} -0.4997
{txt}Ho: diff = 0                                     degrees of freedom = {res}      67

    {txt}Ha: diff < 0                 Ha: diff != 0                 Ha: diff > 0
 Pr(T < t) = {res}0.3095         {txt}Pr(|T| > |t|) = {res}0.6189          {txt}Pr(T > t) = {res}0.6905

{com}. ed

. ed SPE*

. ed

. log close
      {txt}name:  {res}<unnamed>
       {txt}log:  {res}C:\Users\welcome\Dropbox\My PC (LAPTOP-E0CLJDR9)\Desktop\Sir work\twins_study_table.smcl
  {txt}log type:  {res}smcl
 {txt}closed on:  {res}25 Jul 2022, 15:14:15
{txt}{.-}
{smcl}
{txt}{sf}{ul off}